packages/gatekeeper-cloudflare/src/types.txt -> types.d.ts
packages/gatekeeper-confluence/src/types.txt -> types.d.ts
packages/gatekeeper-email/src/types.txt -> types.d.ts
packages/gatekeeper-github/src/types.txt -> types.d.ts
packages/gatekeeper-google/src/bigquery-types.txt -> bigquery-types.d.ts
packages/gatekeeper-google/src/calendar-types.txt -> calendar-types.d.ts
packages/gatekeeper-google/src/docs-types.txt -> docs-types.d.ts
packages/gatekeeper-google/src/sheets-types.txt -> sheets-types.d.ts
packages/gatekeeper-google/src/types.txt -> types.d.ts
packages/gatekeeper-homeassistant/src/types.txt -> types.d.ts
packages/gatekeeper-linear/src/configurator/linear-issue-configurator-types.txt -> linear-issue-configurator-types.d.ts
packages/gatekeeper-linear/src/configurator/linear-team-configurator-types.txt -> linear-team-configurator-types.d.ts
packages/gatekeeper-linear/src/configurator/linear-workspace-configurator-types.txt -> linear-workspace-configurator-types.d.ts
packages/gatekeeper-linear/src/types.txt -> types.d.ts
packages/gatekeeper-notion/src/types.txt -> types.d.ts
packages/gatekeeper-scheduler/src/types.txt -> types.d.ts
packages/gatekeeper-slack/src/types.txt -> types.d.ts
packages/gatekeeper-spotify/src/types.txt -> types.d.ts
packages/gatekeeper-supabase/src/types.txt -> types.d.ts
packages/gatekeeper-zoominfo/src/configurator/account-configurator-types.txt -> account-configurator-types.d.ts
packages/gatekeeper-zoominfo/src/types.txt -> types.d.ts
packages/workshop-backend/src/agent-spawner-binding.txt -> agent-spawner-binding.d.ts
packages/workshop-backend/src/ai-model-binding.txt -> ai-model-binding.d.ts
